// Jest Snapshot v1, https://goo.gl/fbAQLP

exports[`<StatusBar /> matches snapshot 1`] = `
<div
  className="StatusBar--container"
>
  <span
    className="bp3-popover-wrapper"
  >
    <span
      className="bp3-popover-target"
      onBlur={[Function]}
      onFocus={[Function]}
      onMouseEnter={[Function]}
      onMouseLeave={[Function]}
    >
      <button
        className="bp3-button bp3-minimal bp3-small"
        onClick={[MockFunction]}
        onKeyDown={[Function]}
        onKeyUp={[Function]}
        style={
          Object {
            "marginLeft": "3px",
          }
        }
        tabIndex={0}
        type="button"
      >
        <span
          className="bp3-icon bp3-icon-list-detail-view"
          icon="list-detail-view"
        >
          <svg
            data-icon="list-detail-view"
            height={16}
            viewBox="0 0 16 16"
            width={16}
          >
            <desc>
              list-detail-view
            </desc>
            <path
              d="M6 9H1c-.55 0-1 .45-1 1s.45 1 1 1h5c.55 0 1-.45 1-1s-.45-1-1-1zm0 4H1c-.55 0-1 .45-1 1s.45 1 1 1h5c.55 0 1-.45 1-1s-.45-1-1-1zm9-12h-5c-.55 0-1 .45-1 1v12c0 .55.45 1 1 1h5c.55 0 1-.45 1-1V2c0-.55-.45-1-1-1zM6 5H1c-.55 0-1 .45-1 1s.45 1 1 1h5c.55 0 1-.45 1-1s-.45-1-1-1zm0-4H1c-.55 0-1 .45-1 1s.45 1 1 1h5c.55 0 1-.45 1-1s-.45-1-1-1z"
              fillRule="evenodd"
            />
          </svg>
        </span>
      </button>
    </span>
  </span>
  <div
    className="bp3-html-select bp3-minimal"
  >
    <select
      multiple={false}
      onChange={[MockFunction]}
      style={
        Object {
          "textTransform": "capitalize",
        }
      }
      value="text"
    >
      <option
        label="Text"
        value="text"
      >
        Text
      </option>
      <option
        label="JavaScript"
        value="javascript"
      >
        JavaScript
      </option>
      <option
        label="TypeScript"
        value="typescript"
      >
        TypeScript
      </option>
      <option
        label="Java"
        value="java"
      >
        Java
      </option>
      <option
        label="XML"
        value="xml"
      >
        XML
      </option>
      <option
        label="CSS"
        value="css"
      >
        CSS
      </option>
      <option
        label="SCSS"
        value="scss"
      >
        SCSS
      </option>
      <option
        label="Markdown"
        value="markdown"
      >
        Markdown
      </option>
      <option
        label="SQL"
        value="sql"
      >
        SQL
      </option>
      <option
        label="JSON"
        value="json"
      >
        JSON
      </option>
      <option
        label="HTML"
        value="html"
      >
        HTML
      </option>
      <option
        label="C#"
        value="csharp"
      >
        C#
      </option>
    </select>
    <span
      className="bp3-icon bp3-icon-caret-down"
      icon="caret-down"
    >
      <svg
        data-icon="caret-down"
        height={16}
        viewBox="0 0 16 16"
        width={16}
      >
        <desc>
          caret-down
        </desc>
        <path
          d="M12 6.5c0-.28-.22-.5-.5-.5h-7a.495.495 0 00-.37.83l3.5 4c.09.1.22.17.37.17s.28-.07.37-.17l3.5-4c.08-.09.13-.2.13-.33z"
          fillRule="evenodd"
        />
      </svg>
    </span>
  </div>
</div>
`;
